------------------------------------------------------------
TimeQuest Timing Analyzer Summary
------------------------------------------------------------

Type  : Slow 1200mV 85C Model Setup 'CLOckIn'
Slack : -6.257
TNS   : -193.000

Type  : Slow 1200mV 85C Model Setup 'UART_tx:t1|fd:f1|temp'
Slack : -5.657
TNS   : -128.323

Type  : Slow 1200mV 85C Model Setup 'uart_rx:r1|fd:f1|temp2'
Slack : -3.118
TNS   : -116.864

Type  : Slow 1200mV 85C Model Setup 'UART_tx:t1|fd:f1|temp1'
Slack : 0.114
TNS   : 0.000

Type  : Slow 1200mV 85C Model Hold 'UART_tx:t1|fd:f1|temp'
Slack : 0.453
TNS   : 0.000

Type  : Slow 1200mV 85C Model Hold 'uart_rx:r1|fd:f1|temp2'
Slack : 0.455
TNS   : 0.000

Type  : Slow 1200mV 85C Model Hold 'CLOckIn'
Slack : 0.481
TNS   : 0.000

Type  : Slow 1200mV 85C Model Hold 'UART_tx:t1|fd:f1|temp1'
Slack : 0.497
TNS   : 0.000

Type  : Slow 1200mV 85C Model Recovery 'UART_tx:t1|fd:f1|temp'
Slack : -1.245
TNS   : -36.680

Type  : Slow 1200mV 85C Model Removal 'UART_tx:t1|fd:f1|temp'
Slack : 1.104
TNS   : 0.000

Type  : Slow 1200mV 85C Model Minimum Pulse Width 'CLOckIn'
Slack : -3.000
TNS   : -118.986

Type  : Slow 1200mV 85C Model Minimum Pulse Width 'uart_rx:r1|fd:f1|temp2'
Slack : -1.487
TNS   : -84.759

Type  : Slow 1200mV 85C Model Minimum Pulse Width 'UART_tx:t1|fd:f1|temp'
Slack : -1.487
TNS   : -55.019

Type  : Slow 1200mV 85C Model Minimum Pulse Width 'UART_tx:t1|fd:f1|temp1'
Slack : -1.487
TNS   : -1.487

Type  : Slow 1200mV 0C Model Setup 'CLOckIn'
Slack : -5.710
TNS   : -165.637

Type  : Slow 1200mV 0C Model Setup 'UART_tx:t1|fd:f1|temp'
Slack : -5.053
TNS   : -113.043

Type  : Slow 1200mV 0C Model Setup 'uart_rx:r1|fd:f1|temp2'
Slack : -2.647
TNS   : -105.112

Type  : Slow 1200mV 0C Model Setup 'UART_tx:t1|fd:f1|temp1'
Slack : 0.210
TNS   : 0.000

Type  : Slow 1200mV 0C Model Hold 'UART_tx:t1|fd:f1|temp'
Slack : 0.404
TNS   : 0.000

Type  : Slow 1200mV 0C Model Hold 'uart_rx:r1|fd:f1|temp2'
Slack : 0.404
TNS   : 0.000

Type  : Slow 1200mV 0C Model Hold 'CLOckIn'
Slack : 0.446
TNS   : 0.000

Type  : Slow 1200mV 0C Model Hold 'UART_tx:t1|fd:f1|temp1'
Slack : 0.447
TNS   : 0.000

Type  : Slow 1200mV 0C Model Recovery 'UART_tx:t1|fd:f1|temp'
Slack : -1.150
TNS   : -33.404

Type  : Slow 1200mV 0C Model Removal 'UART_tx:t1|fd:f1|temp'
Slack : 0.986
TNS   : 0.000

Type  : Slow 1200mV 0C Model Minimum Pulse Width 'CLOckIn'
Slack : -3.000
TNS   : -118.986

Type  : Slow 1200mV 0C Model Minimum Pulse Width 'uart_rx:r1|fd:f1|temp2'
Slack : -1.487
TNS   : -84.759

Type  : Slow 1200mV 0C Model Minimum Pulse Width 'UART_tx:t1|fd:f1|temp'
Slack : -1.487
TNS   : -55.019

Type  : Slow 1200mV 0C Model Minimum Pulse Width 'UART_tx:t1|fd:f1|temp1'
Slack : -1.487
TNS   : -1.487

Type  : Fast 1200mV 0C Model Setup 'CLOckIn'
Slack : -2.113
TNS   : -41.916

Type  : Fast 1200mV 0C Model Setup 'UART_tx:t1|fd:f1|temp'
Slack : -1.862
TNS   : -34.856

Type  : Fast 1200mV 0C Model Setup 'uart_rx:r1|fd:f1|temp2'
Slack : -0.841
TNS   : -20.171

Type  : Fast 1200mV 0C Model Setup 'UART_tx:t1|fd:f1|temp1'
Slack : 0.624
TNS   : 0.000

Type  : Fast 1200mV 0C Model Hold 'UART_tx:t1|fd:f1|temp'
Slack : 0.185
TNS   : 0.000

Type  : Fast 1200mV 0C Model Hold 'uart_rx:r1|fd:f1|temp2'
Slack : 0.185
TNS   : 0.000

Type  : Fast 1200mV 0C Model Hold 'CLOckIn'
Slack : 0.192
TNS   : 0.000

Type  : Fast 1200mV 0C Model Hold 'UART_tx:t1|fd:f1|temp1'
Slack : 0.206
TNS   : 0.000

Type  : Fast 1200mV 0C Model Recovery 'UART_tx:t1|fd:f1|temp'
Slack : 0.004
TNS   : 0.000

Type  : Fast 1200mV 0C Model Removal 'UART_tx:t1|fd:f1|temp'
Slack : 0.410
TNS   : 0.000

Type  : Fast 1200mV 0C Model Minimum Pulse Width 'CLOckIn'
Slack : -3.000
TNS   : -86.055

Type  : Fast 1200mV 0C Model Minimum Pulse Width 'uart_rx:r1|fd:f1|temp2'
Slack : -1.000
TNS   : -57.000

Type  : Fast 1200mV 0C Model Minimum Pulse Width 'UART_tx:t1|fd:f1|temp'
Slack : -1.000
TNS   : -37.000

Type  : Fast 1200mV 0C Model Minimum Pulse Width 'UART_tx:t1|fd:f1|temp1'
Slack : -1.000
TNS   : -1.000

------------------------------------------------------------
