Info: Starting: Create simulation model
Info: qsys-generate C:\Users\pan39\Desktop\fpga\uart\test.qsys --simulation=VHDL --allow-mixed-language-simulation --output-directory=C:\Users\pan39\Desktop\fpga\uart\test\simulation --family="Cyclone IV E" --part=EP4CE6F17C8
Progress: Loading uart/test.qsys
Progress: Reading input file
Progress: Adding rs232_0 [altera_up_avalon_rs232 17.1]
Progress: Parameterizing module rs232_0
Progress: Building connections
Progress: Parameterizing connections
Progress: Validating
Progress: Done reading input file
Info: test: Generating test "test" for SIM_VHDL
Info: rs232_0: Starting Generation of RS232 UART
Error: rs232_0: The input clock frequency must be known at generation time.
Warning: rs232_0: No files generated for fileset SIM_VHDL
Info: rs232_0: "test" instantiated altera_up_avalon_rs232 "rs232_0"
Info: test: Done "test" with 2 modules, 1 files
Error: qsys-generate failed with exit code 1: 1 Error, 1 Warning
Info: Finished: Create simulation model
Info: Starting: Create Modelsim Project.
Info: sim-script-gen --spd=C:\Users\pan39\Desktop\fpga\uart\test\test.spd --output-directory=C:/Users/pan39/Desktop/fpga/uart/test/simulation/ --use-relative-paths=true
Info: Doing: ip-make-simscript --spd=C:\Users\pan39\Desktop\fpga\uart\test\test.spd --output-directory=C:/Users/pan39/Desktop/fpga/uart/test/simulation/ --use-relative-paths=true
Info: Generating the following file(s) for MODELSIM simulator in C:/Users/pan39/Desktop/fpga/uart/test/simulation/ directory:
Info: 	mentor/msim_setup.tcl
Info: Skipping VCS script generation since VHDL file $QUARTUS_INSTALL_DIR/eda/sim_lib/altera_syn_attributes.vhd is required for simulation
Info: Generating the following file(s) for VCSMX simulator in C:/Users/pan39/Desktop/fpga/uart/test/simulation/ directory:
Info: 	synopsys/vcsmx/synopsys_sim.setup
Info: 	synopsys/vcsmx/vcsmx_setup.sh
Info: Generating the following file(s) for NCSIM simulator in C:/Users/pan39/Desktop/fpga/uart/test/simulation/ directory:
Info: 	cadence/cds.lib
Info: 	cadence/hdl.var
Info: 	cadence/ncsim_setup.sh
Info: Generating the following file(s) for RIVIERA simulator in C:/Users/pan39/Desktop/fpga/uart/test/simulation/ directory:
Info: 	aldec/rivierapro_setup.tcl
Info: For information on how to simulate your IP, see the explanatory comments in the simulator-specific subdirectories under C:/Users/pan39/Desktop/fpga/uart/test/simulation/.
Info: Regenerate these scripts whenever you make any change to any Quartus-generated IP in your project.
Info: Finished: Create Modelsim Project.
Info: Starting: Create block symbol file (.bsf)
Info: qsys-generate C:\Users\pan39\Desktop\fpga\uart\test.qsys --block-symbol-file --output-directory=C:\Users\pan39\Desktop\fpga\uart\test --family="Cyclone IV E" --part=EP4CE6F17C8
Progress: Loading uart/test.qsys
Progress: Reading input file
Progress: Adding rs232_0 [altera_up_avalon_rs232 17.1]
Progress: Parameterizing module rs232_0
Progress: Building connections
Progress: Parameterizing connections
Progress: Validating
Progress: Done reading input file
Info: qsys-generate succeeded.
Info: Finished: Create block symbol file (.bsf)
Info: 
Info: Starting: Create HDL design files for synthesis
Info: qsys-generate C:\Users\pan39\Desktop\fpga\uart\test.qsys --synthesis=VHDL --output-directory=C:\Users\pan39\Desktop\fpga\uart\test\synthesis --family="Cyclone IV E" --part=EP4CE6F17C8
Progress: Loading uart/test.qsys
Progress: Reading input file
Progress: Adding rs232_0 [altera_up_avalon_rs232 17.1]
Progress: Parameterizing module rs232_0
Progress: Building connections
Progress: Parameterizing connections
Progress: Validating
Progress: Done reading input file
Info: test: Generating test "test" for QUARTUS_SYNTH
Info: rs232_0: Starting Generation of RS232 UART
Error: rs232_0: The input clock frequency must be known at generation time.
Info: rs232_0: "test" instantiated altera_up_avalon_rs232 "rs232_0"
Info: test: Done "test" with 2 modules, 6 files
Error: qsys-generate failed with exit code 1: 1 Error, 0 Warnings
Info: Finished: Create HDL design files for synthesis
